[2026-08-16 23:25:18] Git initialized and remote set.
[2026-08-16 23:25:18] Watcher started. Monitoring: C:\Users\user\Desktop\AutnyxV2
[2026-08-16 23:26:52] Watcher started. Monitoring: C:\Users\user\Desktop\AutnyxV2
[2026-08-16 23:31:16] Watcher started. Monitoring: C:\Users\user\Desktop\AutnyxV2
[2026-08-16 23:32:45] Push FAILED: remote: error: GH013: Repository rule violations found for refs/heads/main.         remote:  remote: - GITHUB PUSH PROTECTION         remote:   ΓÇöΓÇöΓÇöΓÇöΓÇöΓÇöΓÇöΓÇöΓÇöΓÇöΓÇöΓÇöΓÇöΓÇöΓÇöΓÇöΓÇöΓÇöΓÇöΓÇöΓÇöΓÇöΓÇöΓÇöΓÇöΓÇöΓÇöΓÇöΓÇöΓÇöΓÇöΓÇöΓÇöΓÇöΓÇöΓÇöΓÇöΓÇöΓÇöΓÇöΓÇö         remote:     Resolve the following violations before pushing again         remote:  remote:     - Push cannot contain secrets         remote:  remote:              remote:      (?) Learn how to resolve a blocked push         remote:      https://docs.github.com/code-security/secret-scanning/working-with-secret-scanning-and-push-protection/working-with-push-protection-from-the-command-line#resolving-a-blocked-push         remote:              remote:              remote:       ΓÇöΓÇö GitHub Personal Access Token ΓÇöΓÇöΓÇöΓÇöΓÇöΓÇöΓÇöΓÇöΓÇöΓÇöΓÇöΓÇöΓÇöΓÇöΓÇöΓÇöΓÇöΓÇöΓÇöΓÇöΓÇöΓÇö         remote:        locations:         remote:          - commit: a6a517285939030086f16fabb1810d6d8b25f0f9         remote:            path: setup-git.ps1:5         remote:          - commit: a6a517285939030086f16fabb1810d6d8b25f0f9         remote:            path: watcher.ps1:48         remote:              remote:        (?) To push, remove secret from commit(s) or follow this URL to allow the secret.         remote:        https://github.com/ibrahimdbouk/Autnyxv2/security/secret-scanning/unblock-secret/3I0kEfGf4nI0Ws5115havAlExfS         remote:              remote:  remote:  To https://github.com/ibrahimdbouk/Autnyxv2.git  ! [remote rejected] main -> main (push declined due to repository rule violations) error: failed to push some refs to 'https://github.com/ibrahimdbouk/Autnyxv2.git'
remote: error: GH013: Repository rule violations found for refs/heads/main.        
remote: 
remote: - GITHUB PUSH PROTECTION        
remote:   —————————————————————————————————————————        
remote:     Resolve the following violations before pushing again        
remote: 
remote:     - Push cannot contain secrets        
remote: 
remote:             
remote:      (?) Learn how to resolve a blocked push        
remote:      https://docs.github.com/code-security/secret-scanning/working-with-secret-scanning-and-push-protection/working-with-push-protection-from-the-command-line#resolving-a-blocked-push        
remote:             
remote:             
remote:       —— GitHub Personal Access Token ——————————————————————        
remote:        locations:        
remote:          - commit: a6a517285939030086f16fabb1810d6d8b25f0f9        
remote:            path: setup-git.ps1:5        
remote:          - commit: a6a517285939030086f16fabb1810d6d8b25f0f9        
remote:            path: watcher.ps1:48        
remote:             
remote:        (?) To push, remove secret from commit(s) or follow this URL to allow the secret.        
remote:        https://github.com/ibrahimdbouk/Autnyxv2/security/secret-scanning/unblock-secret/3I0kEfGf4nI0Ws5115havAlExfS        
remote:             
remote: 
remote: 
To https://github.com/ibrahimdbouk/Autnyxv2.git
 ! [remote rejected] main -> main (push declined due to repository rule violations)
error: failed to push some refs to 'https://github.com/ibrahimdbouk/Autnyxv2.git'
[Sun 08/16/2026 23:34:26.94] Pushed OK 
remote: error: GH013: Repository rule violations found for refs/heads/main.        
remote: 
remote: - GITHUB PUSH PROTECTION        
remote:   —————————————————————————————————————————        
remote:     Resolve the following violations before pushing again        
remote: 
remote:     - Push cannot contain secrets        
remote: 
remote:             
remote:      (?) Learn how to resolve a blocked push        
remote:      https://docs.github.com/code-security/secret-scanning/working-with-secret-scanning-and-push-protection/working-with-push-protection-from-the-command-line#resolving-a-blocked-push        
remote:             
remote:             
remote:       —— GitHub Personal Access Token ——————————————————————        
remote:        locations:        
remote:          - commit: a6a517285939030086f16fabb1810d6d8b25f0f9        
remote:            path: setup-git.ps1:5        
remote:          - commit: a6a517285939030086f16fabb1810d6d8b25f0f9        
remote:            path: watcher.ps1:48        
remote:             
remote:        (?) To push, remove secret from commit(s) or follow this URL to allow the secret.        
remote:        https://github.com/ibrahimdbouk/Autnyxv2/security/secret-scanning/unblock-secret/3I0kEfGf4nI0Ws5115havAlExfS        
remote:             
remote: 
remote: 
To https://github.com/ibrahimdbouk/Autnyxv2.git
 ! [remote rejected] main -> main (push declined due to repository rule violations)
error: failed to push some refs to 'https://github.com/ibrahimdbouk/Autnyxv2.git'
[Sun 08/16/2026 23:35:26.91] Pushed OK 
remote: error: GH013: Repository rule violations found for refs/heads/main.        
remote: 
remote: - GITHUB PUSH PROTECTION        
remote:   —————————————————————————————————————————        
remote:     Resolve the following violations before pushing again        
remote: 
remote:     - Push cannot contain secrets        
remote: 
remote:             
remote:      (?) Learn how to resolve a blocked push        
remote:      https://docs.github.com/code-security/secret-scanning/working-with-secret-scanning-and-push-protection/working-with-push-protection-from-the-command-line#resolving-a-blocked-push        
remote:             
remote:             
remote:       —— GitHub Personal Access Token ——————————————————————        
remote:        locations:        
remote:          - commit: a6a517285939030086f16fabb1810d6d8b25f0f9        
remote:            path: setup-git.ps1:5        
remote:          - commit: a6a517285939030086f16fabb1810d6d8b25f0f9        
remote:            path: watcher.ps1:48        
remote:             
remote:        (?) To push, remove secret from commit(s) or follow this URL to allow the secret.        
remote:        https://github.com/ibrahimdbouk/Autnyxv2/security/secret-scanning/unblock-secret/3I0kEfGf4nI0Ws5115havAlExfS        
remote:             
remote: 
remote: 
To https://github.com/ibrahimdbouk/Autnyxv2.git
 ! [remote rejected] main -> main (push declined due to repository rule violations)
error: failed to push some refs to 'https://github.com/ibrahimdbouk/Autnyxv2.git'
[Sun 08/16/2026 23:36:26] Push FAILED - check above 
To https://github.com/ibrahimdbouk/Autnyxv2.git
 * [new branch]      main -> main
branch 'main' set up to track 'origin/main'.
[Sun 08/16/2026 23:37:26] Push FAILED - check above 
remote: Invalid username or token. Password authentication is not supported for Git operations.
fatal: Authentication failed for 'https://github.com/ibrahimdbouk/Autnyxv2.git/'
[Sun 08/16/2026 23:38:26] Push FAILED - check above 
remote: Invalid username or token. Password authentication is not supported for Git operations.
fatal: Authentication failed for 'https://github.com/ibrahimdbouk/Autnyxv2.git/'
[Sun 08/16/2026 23:39:26] Push FAILED - check above 
